{
  "version": "1.5.0",
  "plugins_used": [
    {
      "name": "ArtifactoryDetector"
    },
    {
      "name": "AWSKeyDetector"
    },
    {
      "name": "AzureStorageKeyDetector"
    },
    {
      "name": "Base64HighEntropyString",
      "limit": 4.5
    },
    {
      "name": "BasicAuthDetector"
    },
    {
      "name": "CloudantDetector"
    },
    {
      "name": "DiscordBotTokenDetector"
    },
    {
      "name": "GitHubTokenDetector"
    },
    {
      "name": "GitLabTokenDetector"
    },
    {
      "name": "HexHighEntropyString",
      "limit": 3.0
    },
    {
      "name": "IbmCloudIamDetector"
    },
    {
      "name": "IbmCosHmacDetector"
    },
    {
      "name": "IPPublicDetector"
    },
    {
      "name": "JwtTokenDetector"
    },
    {
      "name": "KeywordDetector",
      "keyword_exclude": ""
    },
    {
      "name": "MailchimpDetector"
    },
    {
      "name": "NpmDetector"
    },
    {
      "name": "OpenAIDetector"
    },
    {
      "name": "PrivateKeyDetector"
    },
    {
      "name": "PypiTokenDetector"
    },
    {
      "name": "SendGridDetector"
    },
    {
      "name": "SlackDetector"
    },
    {
      "name": "SoftlayerDetector"
    },
    {
      "name": "SquareOAuthDetector"
    },
    {
      "name": "StripeDetector"
    },
    {
      "name": "TelegramBotTokenDetector"
    },
    {
      "name": "TwilioKeyDetector"
    }
  ],
  "filters_used": [
    {
      "path": "detect_secrets.filters.allowlist.is_line_allowlisted"
    },
    {
      "path": "detect_secrets.filters.common.is_baseline_file",
      "filename": ".secrets.baseline"
    },
    {
      "path": "detect_secrets.filters.common.is_ignored_due_to_verification_policies",
      "min_level": 2
    },
    {
      "path": "detect_secrets.filters.heuristic.is_indirect_reference"
    },
    {
      "path": "detect_secrets.filters.heuristic.is_likely_id_string"
    },
    {
      "path": "detect_secrets.filters.heuristic.is_lock_file"
    },
    {
      "path": "detect_secrets.filters.heuristic.is_not_alphanumeric_string"
    },
    {
      "path": "detect_secrets.filters.heuristic.is_potential_uuid"
    },
    {
      "path": "detect_secrets.filters.heuristic.is_prefixed_with_dollar_sign"
    },
    {
      "path": "detect_secrets.filters.heuristic.is_sequential_string"
    },
    {
      "path": "detect_secrets.filters.heuristic.is_swagger_file"
    },
    {
      "path": "detect_secrets.filters.heuristic.is_templated_secret"
    },
    {
      "path": "detect_secrets.filters.regex.should_exclude_file",
      "pattern": [
        "\\.venv/.*",
        "htmlcov/.*",
        "dist/.*",
        "build/.*",
        "\\.git/.*"
      ]
    }
  ],
  "results": {
    ".env.example": [
      {
        "type": "Basic Auth Credentials",
        "filename": ".env.example",
        "hashed_secret": "d98a761661f37a110e5da019e3b72e000a3e07ee",
        "is_verified": false,
        "line_number": 14
      }
    ],
    "configs/benchmark_llm_scenarios.yaml": [
      {
        "type": "Secret Keyword",
        "filename": "configs/benchmark_llm_scenarios.yaml",
        "hashed_secret": "ba4d38e2a7e8c718913887136d2526351d05cd69",
        "is_verified": false,
        "line_number": 8
      },
      {
        "type": "Secret Keyword",
        "filename": "configs/benchmark_llm_scenarios.yaml",
        "hashed_secret": "02ecb94373bfb3dfe827ca18409f50b016e8302a",
        "is_verified": false,
        "line_number": 11
      }
    ],
    "configs/example_decomposition_plugin_contract.yaml": [
      {
        "type": "Secret Keyword",
        "filename": "configs/example_decomposition_plugin_contract.yaml",
        "hashed_secret": "4ffbe18d797574acbda973492f1f4b50b1ca239c",
        "is_verified": false,
        "line_number": 221
      }
    ],
    "configs/example_decomposition_plugin_toy.yaml": [
      {
        "type": "Secret Keyword",
        "filename": "configs/example_decomposition_plugin_toy.yaml",
        "hashed_secret": "4ffbe18d797574acbda973492f1f4b50b1ca239c",
        "is_verified": false,
        "line_number": 221
      }
    ],
    "configs/example_decomposition_plugin_two_fragment.yaml": [
      {
        "type": "Secret Keyword",
        "filename": "configs/example_decomposition_plugin_two_fragment.yaml",
        "hashed_secret": "4ffbe18d797574acbda973492f1f4b50b1ca239c",
        "is_verified": false,
        "line_number": 221
      }
    ],
    "configs/example_fe_sto3g_helike_rhf_cas22.yaml": [
      {
        "type": "Secret Keyword",
        "filename": "configs/example_fe_sto3g_helike_rhf_cas22.yaml",
        "hashed_secret": "4ffbe18d797574acbda973492f1f4b50b1ca239c",
        "is_verified": false,
        "line_number": 214
      }
    ],
    "configs/example_h2.yaml": [
      {
        "type": "Secret Keyword",
        "filename": "configs/example_h2.yaml",
        "hashed_secret": "4ffbe18d797574acbda973492f1f4b50b1ca239c",
        "is_verified": false,
        "line_number": 218
      }
    ],
    "configs/example_h2_active_space_cas_strategy.yaml": [
      {
        "type": "Secret Keyword",
        "filename": "configs/example_h2_active_space_cas_strategy.yaml",
        "hashed_secret": "4ffbe18d797574acbda973492f1f4b50b1ca239c",
        "is_verified": false,
        "line_number": 218
      }
    ],
    "configs/example_h2_active_space_manual_strategy.yaml": [
      {
        "type": "Secret Keyword",
        "filename": "configs/example_h2_active_space_manual_strategy.yaml",
        "hashed_secret": "4ffbe18d797574acbda973492f1f4b50b1ca239c",
        "is_verified": false,
        "line_number": 218
      }
    ],
    "configs/example_h2_adapt_doubles_pool.yaml": [
      {
        "type": "Secret Keyword",
        "filename": "configs/example_h2_adapt_doubles_pool.yaml",
        "hashed_secret": "4ffbe18d797574acbda973492f1f4b50b1ca239c",
        "is_verified": false,
        "line_number": 218
      }
    ],
    "configs/example_h2_adapt_singles_pool.yaml": [
      {
        "type": "Secret Keyword",
        "filename": "configs/example_h2_adapt_singles_pool.yaml",
        "hashed_secret": "4ffbe18d797574acbda973492f1f4b50b1ca239c",
        "is_verified": false,
        "line_number": 218
      }
    ],
    "configs/example_h2_adapt_staggered_pool.yaml": [
      {
        "type": "Secret Keyword",
        "filename": "configs/example_h2_adapt_staggered_pool.yaml",
        "hashed_secret": "4ffbe18d797574acbda973492f1f4b50b1ca239c",
        "is_verified": false,
        "line_number": 218
      }
    ],
    "configs/example_h2_adapt_uccsd_jw_alias.yaml": [
      {
        "type": "Secret Keyword",
        "filename": "configs/example_h2_adapt_uccsd_jw_alias.yaml",
        "hashed_secret": "4ffbe18d797574acbda973492f1f4b50b1ca239c",
        "is_verified": false,
        "line_number": 218
      }
    ],
    "configs/example_h2_avas.yaml": [
      {
        "type": "Secret Keyword",
        "filename": "configs/example_h2_avas.yaml",
        "hashed_secret": "4ffbe18d797574acbda973492f1f4b50b1ca239c",
        "is_verified": false,
        "line_number": 219
      }
    ],
    "configs/example_h2_avas_casscf_workflow.yaml": [
      {
        "type": "Secret Keyword",
        "filename": "configs/example_h2_avas_casscf_workflow.yaml",
        "hashed_secret": "4ffbe18d797574acbda973492f1f4b50b1ca239c",
        "is_verified": false,
        "line_number": 219
      }
    ],
    "configs/example_h2_avas_stub.yaml": [
      {
        "type": "Secret Keyword",
        "filename": "configs/example_h2_avas_stub.yaml",
        "hashed_secret": "4ffbe18d797574acbda973492f1f4b50b1ca239c",
        "is_verified": false,
        "line_number": 219
      }
    ],
    "configs/example_h2_casscf_audit.yaml": [
      {
        "type": "Secret Keyword",
        "filename": "configs/example_h2_casscf_audit.yaml",
        "hashed_secret": "4ffbe18d797574acbda973492f1f4b50b1ca239c",
        "is_verified": false,
        "line_number": 218
      }
    ],
    "configs/example_h2_classical_shadows_stub.yaml": [
      {
        "type": "Secret Keyword",
        "filename": "configs/example_h2_classical_shadows_stub.yaml",
        "hashed_secret": "4ffbe18d797574acbda973492f1f4b50b1ca239c",
        "is_verified": false,
        "line_number": 218
      }
    ],
    "configs/example_h2_echo_variational_plugin.yaml": [
      {
        "type": "Secret Keyword",
        "filename": "configs/example_h2_echo_variational_plugin.yaml",
        "hashed_secret": "4ffbe18d797574acbda973492f1f4b50b1ca239c",
        "is_verified": false,
        "line_number": 218
      }
    ],
    "configs/example_h2_embedding_parity.yaml": [
      {
        "type": "Secret Keyword",
        "filename": "configs/example_h2_embedding_parity.yaml",
        "hashed_secret": "4ffbe18d797574acbda973492f1f4b50b1ca239c",
        "is_verified": false,
        "line_number": 246
      }
    ],
    "configs/example_h2_excited_smoke.yaml": [
      {
        "type": "Secret Keyword",
        "filename": "configs/example_h2_excited_smoke.yaml",
        "hashed_secret": "4ffbe18d797574acbda973492f1f4b50b1ca239c",
        "is_verified": false,
        "line_number": 218
      }
    ],
    "configs/example_h2_geometry_file_xyz.yaml": [
      {
        "type": "Secret Keyword",
        "filename": "configs/example_h2_geometry_file_xyz.yaml",
        "hashed_secret": "4ffbe18d797574acbda973492f1f4b50b1ca239c",
        "is_verified": false,
        "line_number": 218
      }
    ],
    "configs/example_h2_hcb.yaml": [
      {
        "type": "Secret Keyword",
        "filename": "configs/example_h2_hcb.yaml",
        "hashed_secret": "4ffbe18d797574acbda973492f1f4b50b1ca239c",
        "is_verified": false,
        "line_number": 120
      }
    ],
    "configs/example_h2_iqcc.yaml": [
      {
        "type": "Secret Keyword",
        "filename": "configs/example_h2_iqcc.yaml",
        "hashed_secret": "4ffbe18d797574acbda973492f1f4b50b1ca239c",
        "is_verified": false,
        "line_number": 120
      }
    ],
    "configs/example_h2_iqeb.yaml": [
      {
        "type": "Secret Keyword",
        "filename": "configs/example_h2_iqeb.yaml",
        "hashed_secret": "4ffbe18d797574acbda973492f1f4b50b1ca239c",
        "is_verified": false,
        "line_number": 218
      }
    ],
    "configs/example_h2_iqeb_fermionic_doubles_pool.yaml": [
      {
        "type": "Secret Keyword",
        "filename": "configs/example_h2_iqeb_fermionic_doubles_pool.yaml",
        "hashed_secret": "4ffbe18d797574acbda973492f1f4b50b1ca239c",
        "is_verified": false,
        "line_number": 218
      }
    ],
    "configs/example_h2_iqeb_qubit_excitation_alias.yaml": [
      {
        "type": "Secret Keyword",
        "filename": "configs/example_h2_iqeb_qubit_excitation_alias.yaml",
        "hashed_secret": "4ffbe18d797574acbda973492f1f4b50b1ca239c",
        "is_verified": false,
        "line_number": 218
      }
    ],
    "configs/example_h2_jkmn.yaml": [
      {
        "type": "Secret Keyword",
        "filename": "configs/example_h2_jkmn.yaml",
        "hashed_secret": "4ffbe18d797574acbda973492f1f4b50b1ca239c",
        "is_verified": false,
        "line_number": 120
      }
    ],
    "configs/example_h2_md_ml_pauli_energy.yaml": [
      {
        "type": "Secret Keyword",
        "filename": "configs/example_h2_md_ml_pauli_energy.yaml",
        "hashed_secret": "4ffbe18d797574acbda973492f1f4b50b1ca239c",
        "is_verified": false,
        "line_number": 218
      }
    ],
    "configs/example_h2_md_ml_qmef_attach.yaml": [
      {
        "type": "Secret Keyword",
        "filename": "configs/example_h2_md_ml_qmef_attach.yaml",
        "hashed_secret": "4ffbe18d797574acbda973492f1f4b50b1ca239c",
        "is_verified": false,
        "line_number": 218
      }
    ],
    "configs/example_h2_md_ml_trajectory_full_pipeline.yaml": [
      {
        "type": "Secret Keyword",
        "filename": "configs/example_h2_md_ml_trajectory_full_pipeline.yaml",
        "hashed_secret": "4ffbe18d797574acbda973492f1f4b50b1ca239c",
        "is_verified": false,
        "line_number": 218
      }
    ],
    "configs/example_h2_md_ml_trajectory_hf.yaml": [
      {
        "type": "Secret Keyword",
        "filename": "configs/example_h2_md_ml_trajectory_hf.yaml",
        "hashed_secret": "4ffbe18d797574acbda973492f1f4b50b1ca239c",
        "is_verified": false,
        "line_number": 218
      }
    ],
    "configs/example_h2_micro_vqe_plugin.yaml": [
      {
        "type": "Secret Keyword",
        "filename": "configs/example_h2_micro_vqe_plugin.yaml",
        "hashed_secret": "4ffbe18d797574acbda973492f1f4b50b1ca239c",
        "is_verified": false,
        "line_number": 218
      }
    ],
    "configs/example_h2_oo_vqe.yaml": [
      {
        "type": "Secret Keyword",
        "filename": "configs/example_h2_oo_vqe.yaml",
        "hashed_secret": "4ffbe18d797574acbda973492f1f4b50b1ca239c",
        "is_verified": false,
        "line_number": 219
      }
    ],
    "configs/example_h2_pbc_gamma.yaml": [
      {
        "type": "Secret Keyword",
        "filename": "configs/example_h2_pbc_gamma.yaml",
        "hashed_secret": "4ffbe18d797574acbda973492f1f4b50b1ca239c",
        "is_verified": false,
        "line_number": 227
      }
    ],
    "configs/example_h2_pec_literature_stub.yaml": [
      {
        "type": "Secret Keyword",
        "filename": "configs/example_h2_pec_literature_stub.yaml",
        "hashed_secret": "4ffbe18d797574acbda973492f1f4b50b1ca239c",
        "is_verified": false,
        "line_number": 218
      }
    ],
    "configs/example_h2_precomputed_bundle.yaml": [
      {
        "type": "Secret Keyword",
        "filename": "configs/example_h2_precomputed_bundle.yaml",
        "hashed_secret": "4ffbe18d797574acbda973492f1f4b50b1ca239c",
        "is_verified": false,
        "line_number": 218
      }
    ],
    "configs/example_h2_projection_trace.yaml": [
      {
        "type": "Secret Keyword",
        "filename": "configs/example_h2_projection_trace.yaml",
        "hashed_secret": "4ffbe18d797574acbda973492f1f4b50b1ca239c",
        "is_verified": false,
        "line_number": 224
      }
    ],
    "configs/example_h2_psi4_avas.yaml": [
      {
        "type": "Secret Keyword",
        "filename": "configs/example_h2_psi4_avas.yaml",
        "hashed_secret": "4ffbe18d797574acbda973492f1f4b50b1ca239c",
        "is_verified": false,
        "line_number": 203
      }
    ],
    "configs/example_h2_psi4_projection_mulliken.yaml": [
      {
        "type": "Secret Keyword",
        "filename": "configs/example_h2_psi4_projection_mulliken.yaml",
        "hashed_secret": "4ffbe18d797574acbda973492f1f4b50b1ca239c",
        "is_verified": false,
        "line_number": 210
      }
    ],
    "configs/example_h2_psi4_rhf_sto3g.yaml": [
      {
        "type": "Secret Keyword",
        "filename": "configs/example_h2_psi4_rhf_sto3g.yaml",
        "hashed_secret": "4ffbe18d797574acbda973492f1f4b50b1ca239c",
        "is_verified": false,
        "line_number": 218
      }
    ],
    "configs/example_h2_psi4_schmidt_dmet.yaml": [
      {
        "type": "Secret Keyword",
        "filename": "configs/example_h2_psi4_schmidt_dmet.yaml",
        "hashed_secret": "4ffbe18d797574acbda973492f1f4b50b1ca239c",
        "is_verified": false,
        "line_number": 227
      }
    ],
    "configs/example_h2_puccd.yaml": [
      {
        "type": "Secret Keyword",
        "filename": "configs/example_h2_puccd.yaml",
        "hashed_secret": "4ffbe18d797574acbda973492f1f4b50b1ca239c",
        "is_verified": false,
        "line_number": 120
      }
    ],
    "configs/example_h2_puccd_pauli_protocol.yaml": [
      {
        "type": "Secret Keyword",
        "filename": "configs/example_h2_puccd_pauli_protocol.yaml",
        "hashed_secret": "4ffbe18d797574acbda973492f1f4b50b1ca239c",
        "is_verified": false,
        "line_number": 218
      }
    ],
    "configs/example_h2_qcc.yaml": [
      {
        "type": "Secret Keyword",
        "filename": "configs/example_h2_qcc.yaml",
        "hashed_secret": "4ffbe18d797574acbda973492f1f4b50b1ca239c",
        "is_verified": false,
        "line_number": 120
      }
    ],
    "configs/example_h2_qcc_pauli_protocol.yaml": [
      {
        "type": "Secret Keyword",
        "filename": "configs/example_h2_qcc_pauli_protocol.yaml",
        "hashed_secret": "4ffbe18d797574acbda973492f1f4b50b1ca239c",
        "is_verified": false,
        "line_number": 218
      }
    ],
    "configs/example_h2_qiskit_shots.yaml": [
      {
        "type": "Secret Keyword",
        "filename": "configs/example_h2_qiskit_shots.yaml",
        "hashed_secret": "4ffbe18d797574acbda973492f1f4b50b1ca239c",
        "is_verified": false,
        "line_number": 220
      }
    ],
    "configs/example_h2_qite.yaml": [
      {
        "type": "Secret Keyword",
        "filename": "configs/example_h2_qite.yaml",
        "hashed_secret": "4ffbe18d797574acbda973492f1f4b50b1ca239c",
        "is_verified": false,
        "line_number": 120
      }
    ],
    "configs/example_h2_qpe_deterministic.yaml": [
      {
        "type": "Secret Keyword",
        "filename": "configs/example_h2_qpe_deterministic.yaml",
        "hashed_secret": "4ffbe18d797574acbda973492f1f4b50b1ca239c",
        "is_verified": false,
        "line_number": 218
      }
    ],
    "configs/example_h2_qpe_info_theory.yaml": [
      {
        "type": "Secret Keyword",
        "filename": "configs/example_h2_qpe_info_theory.yaml",
        "hashed_secret": "4ffbe18d797574acbda973492f1f4b50b1ca239c",
        "is_verified": false,
        "line_number": 218
      }
    ],
    "configs/example_h2_qpe_main.yaml": [
      {
        "type": "Secret Keyword",
        "filename": "configs/example_h2_qpe_main.yaml",
        "hashed_secret": "4ffbe18d797574acbda973492f1f4b50b1ca239c",
        "is_verified": false,
        "line_number": 218
      }
    ],
    "configs/example_h2_qpe_track.yaml": [
      {
        "type": "Secret Keyword",
        "filename": "configs/example_h2_qpe_track.yaml",
        "hashed_secret": "4ffbe18d797574acbda973492f1f4b50b1ca239c",
        "is_verified": false,
        "line_number": 218
      }
    ],
    "configs/example_h2_qpe_track_parity_integrations.yaml": [
      {
        "type": "Secret Keyword",
        "filename": "configs/example_h2_qpe_track_parity_integrations.yaml",
        "hashed_secret": "4ffbe18d797574acbda973492f1f4b50b1ca239c",
        "is_verified": false,
        "line_number": 218
      }
    ],
    "configs/example_h2_qpe_zne_pauli.yaml": [
      {
        "type": "Secret Keyword",
        "filename": "configs/example_h2_qpe_zne_pauli.yaml",
        "hashed_secret": "4ffbe18d797574acbda973492f1f4b50b1ca239c",
        "is_verified": false,
        "line_number": 218
      }
    ],
    "configs/example_h2_sa_vqe.yaml": [
      {
        "type": "Secret Keyword",
        "filename": "configs/example_h2_sa_vqe.yaml",
        "hashed_secret": "4ffbe18d797574acbda973492f1f4b50b1ca239c",
        "is_verified": false,
        "line_number": 218
      }
    ],
    "configs/example_h2_sampled.yaml": [
      {
        "type": "Secret Keyword",
        "filename": "configs/example_h2_sampled.yaml",
        "hashed_secret": "4ffbe18d797574acbda973492f1f4b50b1ca239c",
        "is_verified": false,
        "line_number": 218
      }
    ],
    "configs/example_h2_scbk_hea.yaml": [
      {
        "type": "Secret Keyword",
        "filename": "configs/example_h2_scbk_hea.yaml",
        "hashed_secret": "4ffbe18d797574acbda973492f1f4b50b1ca239c",
        "is_verified": false,
        "line_number": 218
      }
    ],
    "configs/example_h2_sceom_symmetry_filtered.yaml": [
      {
        "type": "Secret Keyword",
        "filename": "configs/example_h2_sceom_symmetry_filtered.yaml",
        "hashed_secret": "4ffbe18d797574acbda973492f1f4b50b1ca239c",
        "is_verified": false,
        "line_number": 218
      }
    ],
    "configs/example_h2_sto3g_density_fit.yaml": [
      {
        "type": "Secret Keyword",
        "filename": "configs/example_h2_sto3g_density_fit.yaml",
        "hashed_secret": "4ffbe18d797574acbda973492f1f4b50b1ca239c",
        "is_verified": false,
        "line_number": 218
      }
    ],
    "configs/example_h2_uccgd.yaml": [
      {
        "type": "Secret Keyword",
        "filename": "configs/example_h2_uccgd.yaml",
        "hashed_secret": "4ffbe18d797574acbda973492f1f4b50b1ca239c",
        "is_verified": false,
        "line_number": 120
      }
    ],
    "configs/example_h2_uccgd_pauli_protocol.yaml": [
      {
        "type": "Secret Keyword",
        "filename": "configs/example_h2_uccgd_pauli_protocol.yaml",
        "hashed_secret": "4ffbe18d797574acbda973492f1f4b50b1ca239c",
        "is_verified": false,
        "line_number": 218
      }
    ],
    "configs/example_h2_uccsd.yaml": [
      {
        "type": "Secret Keyword",
        "filename": "configs/example_h2_uccsd.yaml",
        "hashed_secret": "4ffbe18d797574acbda973492f1f4b50b1ca239c",
        "is_verified": false,
        "line_number": 218
      }
    ],
    "configs/example_h2_uccsd_bk.yaml": [
      {
        "type": "Secret Keyword",
        "filename": "configs/example_h2_uccsd_bk.yaml",
        "hashed_secret": "4ffbe18d797574acbda973492f1f4b50b1ca239c",
        "is_verified": false,
        "line_number": 218
      }
    ],
    "configs/example_h2_uccsd_pauli_protocol.yaml": [
      {
        "type": "Secret Keyword",
        "filename": "configs/example_h2_uccsd_pauli_protocol.yaml",
        "hashed_secret": "4ffbe18d797574acbda973492f1f4b50b1ca239c",
        "is_verified": false,
        "line_number": 218
      }
    ],
    "configs/example_h2_uccsd_qse_pauli_qiskit.yaml": [
      {
        "type": "Secret Keyword",
        "filename": "configs/example_h2_uccsd_qse_pauli_qiskit.yaml",
        "hashed_secret": "4ffbe18d797574acbda973492f1f4b50b1ca239c",
        "is_verified": false,
        "line_number": 221
      }
    ],
    "configs/example_h2_uccsd_trotter.yaml": [
      {
        "type": "Secret Keyword",
        "filename": "configs/example_h2_uccsd_trotter.yaml",
        "hashed_secret": "4ffbe18d797574acbda973492f1f4b50b1ca239c",
        "is_verified": false,
        "line_number": 218
      }
    ],
    "configs/example_h2_upccgsd.yaml": [
      {
        "type": "Secret Keyword",
        "filename": "configs/example_h2_upccgsd.yaml",
        "hashed_secret": "4ffbe18d797574acbda973492f1f4b50b1ca239c",
        "is_verified": false,
        "line_number": 120
      }
    ],
    "configs/example_h2_upccgsd_pauli_protocol.yaml": [
      {
        "type": "Secret Keyword",
        "filename": "configs/example_h2_upccgsd_pauli_protocol.yaml",
        "hashed_secret": "4ffbe18d797574acbda973492f1f4b50b1ca239c",
        "is_verified": false,
        "line_number": 218
      }
    ],
    "configs/example_h2_uqc_cloud_sim_md_ml.yaml": [
      {
        "type": "Secret Keyword",
        "filename": "configs/example_h2_uqc_cloud_sim_md_ml.yaml",
        "hashed_secret": "4ffbe18d797574acbda973492f1f4b50b1ca239c",
        "is_verified": false,
        "line_number": 228
      }
    ],
    "configs/example_h2_uqc_mock_md_ml.yaml": [
      {
        "type": "Secret Keyword",
        "filename": "configs/example_h2_uqc_mock_md_ml.yaml",
        "hashed_secret": "4ffbe18d797574acbda973492f1f4b50b1ca239c",
        "is_verified": false,
        "line_number": 223
      }
    ],
    "configs/example_h2_vqd_deflation_circuit.yaml": [
      {
        "type": "Secret Keyword",
        "filename": "configs/example_h2_vqd_deflation_circuit.yaml",
        "hashed_secret": "4ffbe18d797574acbda973492f1f4b50b1ca239c",
        "is_verified": false,
        "line_number": 218
      }
    ],
    "configs/example_h2_vqd_uccsd.yaml": [
      {
        "type": "Secret Keyword",
        "filename": "configs/example_h2_vqd_uccsd.yaml",
        "hashed_secret": "4ffbe18d797574acbda973492f1f4b50b1ca239c",
        "is_verified": false,
        "line_number": 218
      }
    ],
    "configs/example_h2_vqd_uccsd_three_computable.yaml": [
      {
        "type": "Secret Keyword",
        "filename": "configs/example_h2_vqd_uccsd_three_computable.yaml",
        "hashed_secret": "4ffbe18d797574acbda973492f1f4b50b1ca239c",
        "is_verified": false,
        "line_number": 219
      }
    ],
    "configs/example_h2_vqe_figure_near_casci.yaml": [
      {
        "type": "Secret Keyword",
        "filename": "configs/example_h2_vqe_figure_near_casci.yaml",
        "hashed_secret": "4ffbe18d797574acbda973492f1f4b50b1ca239c",
        "is_verified": false,
        "line_number": 218
      }
    ],
    "configs/example_h2_vqs_track.yaml": [
      {
        "type": "Secret Keyword",
        "filename": "configs/example_h2_vqs_track.yaml",
        "hashed_secret": "4ffbe18d797574acbda973492f1f4b50b1ca239c",
        "is_verified": false,
        "line_number": 218
      }
    ],
    "configs/example_h2_vsqs.yaml": [
      {
        "type": "Secret Keyword",
        "filename": "configs/example_h2_vsqs.yaml",
        "hashed_secret": "4ffbe18d797574acbda973492f1f4b50b1ca239c",
        "is_verified": false,
        "line_number": 120
      }
    ],
    "configs/example_h2_zmatrix_sto3g.yaml": [
      {
        "type": "Secret Keyword",
        "filename": "configs/example_h2_zmatrix_sto3g.yaml",
        "hashed_secret": "4ffbe18d797574acbda973492f1f4b50b1ca239c",
        "is_verified": false,
        "line_number": 216
      }
    ],
    "configs/example_h2_zmatrix_sto3g_density_fit.yaml": [
      {
        "type": "Secret Keyword",
        "filename": "configs/example_h2_zmatrix_sto3g_density_fit.yaml",
        "hashed_secret": "4ffbe18d797574acbda973492f1f4b50b1ca239c",
        "is_verified": false,
        "line_number": 216
      }
    ],
    "configs/example_h2_zne_circuit_fold.yaml": [
      {
        "type": "Secret Keyword",
        "filename": "configs/example_h2_zne_circuit_fold.yaml",
        "hashed_secret": "4ffbe18d797574acbda973492f1f4b50b1ca239c",
        "is_verified": false,
        "line_number": 218
      }
    ],
    "configs/example_h2_zne_qiskit_fold.yaml": [
      {
        "type": "Secret Keyword",
        "filename": "configs/example_h2_zne_qiskit_fold.yaml",
        "hashed_secret": "4ffbe18d797574acbda973492f1f4b50b1ca239c",
        "is_verified": false,
        "line_number": 220
      }
    ],
    "configs/example_h2o_oniom_qmmm.yaml": [
      {
        "type": "Secret Keyword",
        "filename": "configs/example_h2o_oniom_qmmm.yaml",
        "hashed_secret": "4ffbe18d797574acbda973492f1f4b50b1ca239c",
        "is_verified": false,
        "line_number": 240
      }
    ],
    "configs/example_h2o_sto3g_cas44.yaml": [
      {
        "type": "Secret Keyword",
        "filename": "configs/example_h2o_sto3g_cas44.yaml",
        "hashed_secret": "4ffbe18d797574acbda973492f1f4b50b1ca239c",
        "is_verified": false,
        "line_number": 222
      }
    ],
    "configs/example_h4_adapt_qse_benchmark.yaml": [
      {
        "type": "Secret Keyword",
        "filename": "configs/example_h4_adapt_qse_benchmark.yaml",
        "hashed_secret": "4ffbe18d797574acbda973492f1f4b50b1ca239c",
        "is_verified": false,
        "line_number": 230
      }
    ],
    "configs/example_h4_dmet_fragment_exact_small.yaml": [
      {
        "type": "Secret Keyword",
        "filename": "configs/example_h4_dmet_fragment_exact_small.yaml",
        "hashed_secret": "4ffbe18d797574acbda973492f1f4b50b1ca239c",
        "is_verified": false,
        "line_number": 252
      }
    ],
    "configs/example_h4_dmet_self_consistent.yaml": [
      {
        "type": "Secret Keyword",
        "filename": "configs/example_h4_dmet_self_consistent.yaml",
        "hashed_secret": "4ffbe18d797574acbda973492f1f4b50b1ca239c",
        "is_verified": false,
        "line_number": 252
      }
    ],
    "configs/example_h4_projection_mulliken.yaml": [
      {
        "type": "Secret Keyword",
        "filename": "configs/example_h4_projection_mulliken.yaml",
        "hashed_secret": "4ffbe18d797574acbda973492f1f4b50b1ca239c",
        "is_verified": false,
        "line_number": 234
      }
    ],
    "configs/example_h4_schmidt_multifragment.yaml": [
      {
        "type": "Secret Keyword",
        "filename": "configs/example_h4_schmidt_multifragment.yaml",
        "hashed_secret": "4ffbe18d797574acbda973492f1f4b50b1ca239c",
        "is_verified": false,
        "line_number": 256
      }
    ],
    "configs/example_hbr_zmatrix_lanl2dz_ecp_density_fit.yaml": [
      {
        "type": "Secret Keyword",
        "filename": "configs/example_hbr_zmatrix_lanl2dz_ecp_density_fit.yaml",
        "hashed_secret": "4ffbe18d797574acbda973492f1f4b50b1ca239c",
        "is_verified": false,
        "line_number": 216
      }
    ],
    "configs/example_mg_lanl2dz_ecp_density_fit.yaml": [
      {
        "type": "Secret Keyword",
        "filename": "configs/example_mg_lanl2dz_ecp_density_fit.yaml",
        "hashed_secret": "4ffbe18d797574acbda973492f1f4b50b1ca239c",
        "is_verified": false,
        "line_number": 214
      }
    ],
    "configs/example_mg_lanl2dz_ecp_rhf.yaml": [
      {
        "type": "Secret Keyword",
        "filename": "configs/example_mg_lanl2dz_ecp_rhf.yaml",
        "hashed_secret": "4ffbe18d797574acbda973492f1f4b50b1ca239c",
        "is_verified": false,
        "line_number": 214
      }
    ],
    "configs/example_n2_sto3g_cas44.yaml": [
      {
        "type": "Secret Keyword",
        "filename": "configs/example_n2_sto3g_cas44.yaml",
        "hashed_secret": "4ffbe18d797574acbda973492f1f4b50b1ca239c",
        "is_verified": false,
        "line_number": 218
      }
    ],
    "configs/example_oniom_qm_mm_demo.yaml": [
      {
        "type": "Secret Keyword",
        "filename": "configs/example_oniom_qm_mm_demo.yaml",
        "hashed_secret": "4ffbe18d797574acbda973492f1f4b50b1ca239c",
        "is_verified": false,
        "line_number": 240
      }
    ],
    "configs/example_oniom_toy.yaml": [
      {
        "type": "Secret Keyword",
        "filename": "configs/example_oniom_toy.yaml",
        "hashed_secret": "4ffbe18d797574acbda973492f1f4b50b1ca239c",
        "is_verified": false,
        "line_number": 260
      }
    ],
    "configs/precomputed_classical_reference_h2.json": [
      {
        "type": "Hex High Entropy String",
        "filename": "configs/precomputed_classical_reference_h2.json",
        "hashed_secret": "517760e3688d1fa65d0d41389d25329f1a310c32",
        "is_verified": false,
        "line_number": 10
      }
    ],
    "configs/qpe_dual_track_demo.yaml": [
      {
        "type": "Secret Keyword",
        "filename": "configs/qpe_dual_track_demo.yaml",
        "hashed_secret": "4ffbe18d797574acbda973492f1f4b50b1ca239c",
        "is_verified": false,
        "line_number": 218
      }
    ],
    "configs/tutorial_chain_h2.yaml": [
      {
        "type": "Secret Keyword",
        "filename": "configs/tutorial_chain_h2.yaml",
        "hashed_secret": "4ffbe18d797574acbda973492f1f4b50b1ca239c",
        "is_verified": false,
        "line_number": 244
      }
    ],
    "configs/uqc_h2.yaml": [
      {
        "type": "Secret Keyword",
        "filename": "configs/uqc_h2.yaml",
        "hashed_secret": "4ffbe18d797574acbda973492f1f4b50b1ca239c",
        "is_verified": false,
        "line_number": 228
      }
    ],
    "docker-compose.yml": [
      {
        "type": "Secret Keyword",
        "filename": "docker-compose.yml",
        "hashed_secret": "d98a761661f37a110e5da019e3b72e000a3e07ee",
        "is_verified": false,
        "line_number": 12
      }
    ],
    "notebooks/adapt_walkthrough.ipynb": [
      {
        "type": "Hex High Entropy String",
        "filename": "notebooks/adapt_walkthrough.ipynb",
        "hashed_secret": "710c91edd7984b025f47830ec2ba0506894eed3f",
        "is_verified": false,
        "line_number": 5
      },
      {
        "type": "Hex High Entropy String",
        "filename": "notebooks/adapt_walkthrough.ipynb",
        "hashed_secret": "e1f9a3f35c6bff77f847a39b4c4a5c9eb2892ecb",
        "is_verified": false,
        "line_number": 18
      },
      {
        "type": "Hex High Entropy String",
        "filename": "notebooks/adapt_walkthrough.ipynb",
        "hashed_secret": "4f248bc40ab0f68e2dceb22e38c52828ee276179",
        "is_verified": false,
        "line_number": 36
      }
    ],
    "notebooks/dmet_projection_walkthrough.ipynb": [
      {
        "type": "Hex High Entropy String",
        "filename": "notebooks/dmet_projection_walkthrough.ipynb",
        "hashed_secret": "710c91edd7984b025f47830ec2ba0506894eed3f",
        "is_verified": false,
        "line_number": 5
      },
      {
        "type": "Hex High Entropy String",
        "filename": "notebooks/dmet_projection_walkthrough.ipynb",
        "hashed_secret": "e1f9a3f35c6bff77f847a39b4c4a5c9eb2892ecb",
        "is_verified": false,
        "line_number": 18
      },
      {
        "type": "Hex High Entropy String",
        "filename": "notebooks/dmet_projection_walkthrough.ipynb",
        "hashed_secret": "4f248bc40ab0f68e2dceb22e38c52828ee276179",
        "is_verified": false,
        "line_number": 36
      }
    ],
    "notebooks/h2_vqe_walkthrough.ipynb": [
      {
        "type": "Hex High Entropy String",
        "filename": "notebooks/h2_vqe_walkthrough.ipynb",
        "hashed_secret": "710c91edd7984b025f47830ec2ba0506894eed3f",
        "is_verified": false,
        "line_number": 5
      },
      {
        "type": "Hex High Entropy String",
        "filename": "notebooks/h2_vqe_walkthrough.ipynb",
        "hashed_secret": "e1f9a3f35c6bff77f847a39b4c4a5c9eb2892ecb",
        "is_verified": false,
        "line_number": 18
      },
      {
        "type": "Hex High Entropy String",
        "filename": "notebooks/h2_vqe_walkthrough.ipynb",
        "hashed_secret": "4f248bc40ab0f68e2dceb22e38c52828ee276179",
        "is_verified": false,
        "line_number": 33
      }
    ],
    "notebooks/md_ml_active_learning.ipynb": [
      {
        "type": "Hex High Entropy String",
        "filename": "notebooks/md_ml_active_learning.ipynb",
        "hashed_secret": "710c91edd7984b025f47830ec2ba0506894eed3f",
        "is_verified": false,
        "line_number": 5
      },
      {
        "type": "Hex High Entropy String",
        "filename": "notebooks/md_ml_active_learning.ipynb",
        "hashed_secret": "e1f9a3f35c6bff77f847a39b4c4a5c9eb2892ecb",
        "is_verified": false,
        "line_number": 19
      }
    ],
    "notebooks/uccsd_walkthrough.ipynb": [
      {
        "type": "Hex High Entropy String",
        "filename": "notebooks/uccsd_walkthrough.ipynb",
        "hashed_secret": "710c91edd7984b025f47830ec2ba0506894eed3f",
        "is_verified": false,
        "line_number": 5
      },
      {
        "type": "Hex High Entropy String",
        "filename": "notebooks/uccsd_walkthrough.ipynb",
        "hashed_secret": "e1f9a3f35c6bff77f847a39b4c4a5c9eb2892ecb",
        "is_verified": false,
        "line_number": 18
      },
      {
        "type": "Hex High Entropy String",
        "filename": "notebooks/uccsd_walkthrough.ipynb",
        "hashed_secret": "4f248bc40ab0f68e2dceb22e38c52828ee276179",
        "is_verified": false,
        "line_number": 35
      }
    ],
    "notebooks/vqd_walkthrough.ipynb": [
      {
        "type": "Hex High Entropy String",
        "filename": "notebooks/vqd_walkthrough.ipynb",
        "hashed_secret": "710c91edd7984b025f47830ec2ba0506894eed3f",
        "is_verified": false,
        "line_number": 5
      },
      {
        "type": "Hex High Entropy String",
        "filename": "notebooks/vqd_walkthrough.ipynb",
        "hashed_secret": "e1f9a3f35c6bff77f847a39b4c4a5c9eb2892ecb",
        "is_verified": false,
        "line_number": 18
      }
    ],
    "qwen3.7-test.md": [
      {
        "type": "Secret Keyword",
        "filename": "qwen3.7-test.md",
        "hashed_secret": "9220e7a9b72877e6be472c6a0ed45203f8f9122b",
        "is_verified": false,
        "line_number": 103
      },
      {
        "type": "Secret Keyword",
        "filename": "qwen3.7-test.md",
        "hashed_secret": "78ef7f0782c19f767fcda7846d3549903f3f731c",
        "is_verified": false,
        "line_number": 142
      },
      {
        "type": "Secret Keyword",
        "filename": "qwen3.7-test.md",
        "hashed_secret": "72342f5fef5391d2c654c8c9c7c2ad6d4ec584c9",
        "is_verified": false,
        "line_number": 163
      },
      {
        "type": "Secret Keyword",
        "filename": "qwen3.7-test.md",
        "hashed_secret": "d4e0e04792fd434b5dc9c4155c178f66edcf4ed3",
        "is_verified": false,
        "line_number": 1164
      }
    ],
    "tests/api/test_api_auth_middleware.py": [
      {
        "type": "Secret Keyword",
        "filename": "tests/api/test_api_auth_middleware.py",
        "hashed_secret": "52a04a9474f903c6aa76cf952e51c4bb811e4549",
        "is_verified": false,
        "line_number": 75
      }
    ],
    "tests/fixtures/parity_export_example_h2_config_only.json": [
      {
        "type": "Secret Keyword",
        "filename": "tests/fixtures/parity_export_example_h2_config_only.json",
        "hashed_secret": "4ffbe18d797574acbda973492f1f4b50b1ca239c",
        "is_verified": false,
        "line_number": 357
      },
      {
        "type": "Hex High Entropy String",
        "filename": "tests/fixtures/parity_export_example_h2_config_only.json",
        "hashed_secret": "b6bb9b05c1b38d9cafa6eaaa7f5e1bd010287486",
        "is_verified": false,
        "line_number": 368
      }
    ]
  },
  "generated_at": "2026-06-21T06:23:18Z"
}
